// Jest Snapshot v1, https://goo.gl/fbAQLP

exports[`case-switch.ts camelArray should convert object keys to camelCase 1`] = `
Array [
  "camelCase",
  "snakeCase",
  "pascalCase",
]
`;

exports[`case-switch.ts camelKeys should convert object keys to camelCase 1`] = `
Object {
  "camelOne": Array [
    "mock",
  ],
  "snakeOne": "one",
  "snakeThree": true,
  "snakeTwo": 2,
}
`;

exports[`case-switch.ts camelKeys should convert objects within objects to camelCase 1`] = `
Object {
  "snakeOne": "one",
  "snakeTwo": Object {
    "nestedObject": Object {
      "nestedOne": "one",
      "nestedTwo": Array [
        "array",
      ],
    },
    "objectOne": 1,
    "objectTwo": "two",
  },
}
`;

exports[`case-switch.ts pascalArray should convert object keys to PascalCase 1`] = `
Array [
  "CamelCase",
  "SnakeCase",
  "PascalCase",
]
`;

exports[`case-switch.ts pascalKeys should convert object keys to PascalCase 1`] = `
Object {
  "CamelOne": "one",
  "SnakeOne": "one",
}
`;

exports[`case-switch.ts snakeArray should convert object keys to snake_case 1`] = `
Array [
  "camel_case",
  "snake_case",
  "pascal_case",
]
`;

exports[`case-switch.ts snakeKeys should convert object keys to snake_case 1`] = `
Object {
  "camel_one": "one",
  "camel_two": 2,
  "snake_one": "mock",
}
`;
