// Jest Snapshot v1, https://goo.gl/fbAQLP

exports[`string-time.ts stringToDurationObject should return 0 on wrong or missing input 1`] = `
Object {
  "days": 0,
  "hours": 0,
  "minutes": 0,
  "months": 0,
  "seconds": 0,
  "years": 0,
}
`;

exports[`string-time.ts stringToDurationObject should return a full object 1`] = `
Object {
  "days": 3,
  "hours": 4,
  "minutes": 5,
  "months": 2,
  "seconds": 6,
  "years": 1,
}
`;
